test_log error: FileNotFoundError. Inputs: (), {}test_log error: AssertionError. Inputs: (), {}test_log error: AssertionError. Inputs: (), {}test_log error: AssertionError. Inputs: (), {}test_log error: AssertionError. Inputs: (), {}test_log error: AssertionError. Inputs: (), {}test_log error: AssertionError. Inputs: (), {}